// Vitest Snapshot v1, https://vitest.dev/guide/snapshot.html

exports[`provides document symbols 2`] = `
[
  {
    "children": [
      {
        "kind": 13,
        "name": "input",
        "range": {
          "end": {
            "character": 26,
            "line": 5,
          },
          "start": {
            "character": 21,
            "line": 5,
          },
        },
        "selectionRange": {
          "end": {
            "character": 26,
            "line": 5,
          },
          "start": {
            "character": 21,
            "line": 5,
          },
        },
      },
      {
        "kind": 13,
        "name": "input2",
        "range": {
          "end": {
            "character": 27,
            "line": 6,
          },
          "start": {
            "character": 21,
            "line": 6,
          },
        },
        "selectionRange": {
          "end": {
            "character": 27,
            "line": 6,
          },
          "start": {
            "character": 21,
            "line": 6,
          },
        },
      },
      {
        "kind": 13,
        "name": "input3",
        "range": {
          "end": {
            "character": 29,
            "line": 7,
          },
          "start": {
            "character": 23,
            "line": 7,
          },
        },
        "selectionRange": {
          "end": {
            "character": 29,
            "line": 7,
          },
          "start": {
            "character": 23,
            "line": 7,
          },
        },
      },
      {
        "kind": 13,
        "name": "x",
        "range": {
          "end": {
            "character": 25,
            "line": 13,
          },
          "start": {
            "character": 24,
            "line": 13,
          },
        },
        "selectionRange": {
          "end": {
            "character": 25,
            "line": 13,
          },
          "start": {
            "character": 24,
            "line": 13,
          },
        },
      },
      {
        "kind": 13,
        "name": "y",
        "range": {
          "end": {
            "character": 25,
            "line": 14,
          },
          "start": {
            "character": 24,
            "line": 14,
          },
        },
        "selectionRange": {
          "end": {
            "character": 25,
            "line": 14,
          },
          "start": {
            "character": 24,
            "line": 14,
          },
        },
      },
    ],
    "detail": "(input, input2, input3): NormalCompletion<an Object> | ThrowCompletion",
    "kind": 12,
    "name": "OpenCalc",
    "range": {
      "end": {
        "character": 88,
        "line": 8,
      },
      "start": {
        "character": 16,
        "line": 4,
      },
    },
    "selectionRange": {
      "end": {
        "character": 24,
        "line": 4,
      },
      "start": {
        "character": 16,
        "line": 4,
      },
    },
  },
]
`;

exports[`provides document symbols 4`] = `
[
  {
    "kind": 12,
    "location": {
      "range": {
        "end": {
          "character": 24,
          "line": 4,
        },
        "start": {
          "character": 16,
          "line": 4,
        },
      },
      "uri": "test://1fe3ac1a5f7405c67b56a061ae3d0ebe.emu",
    },
    "name": "OpenCalc",
  },
]
`;
