// Vitest Snapshot v1, https://vitest.dev/guide/snapshot.html

exports[`highlights AO header 2`] = `
[
  {
    "length": 17,
    "modifier": [],
    "offset": 99,
    "tokenType": 2,
  },
  {
    "length": 8,
    "modifier": [],
    "offset": 118,
    "tokenType": 0,
  },
  {
    "length": 5,
    "modifier": [],
    "offset": 150,
    "tokenType": 1,
  },
  {
    "length": 28,
    "modifier": [],
    "offset": 158,
    "tokenType": 3,
  },
  {
    "length": 6,
    "modifier": [],
    "offset": 209,
    "tokenType": 1,
  },
  {
    "length": 28,
    "modifier": [],
    "offset": 218,
    "tokenType": 3,
  },
  {
    "length": 6,
    "modifier": [],
    "offset": 271,
    "tokenType": 1,
  },
  {
    "length": 28,
    "modifier": [],
    "offset": 280,
    "tokenType": 3,
  },
  {
    "length": 69,
    "modifier": [],
    "offset": 331,
    "tokenType": 3,
  },
  {
    "length": 8,
    "modifier": [],
    "offset": 590,
    "tokenType": 0,
  },
  {
    "length": 5,
    "modifier": [],
    "offset": 622,
    "tokenType": 1,
  },
  {
    "length": 28,
    "modifier": [],
    "offset": 630,
    "tokenType": 3,
  },
  {
    "length": 6,
    "modifier": [],
    "offset": 682,
    "tokenType": 1,
  },
  {
    "length": 28,
    "modifier": [],
    "offset": 692,
    "tokenType": 3,
  },
  {
    "length": 9,
    "modifier": [],
    "offset": 741,
    "tokenType": 3,
  },
  {
    "length": 8,
    "modifier": [],
    "offset": 940,
    "tokenType": 0,
  },
  {
    "length": 5,
    "modifier": [],
    "offset": 972,
    "tokenType": 1,
  },
  {
    "length": 6,
    "modifier": [],
    "offset": 1003,
    "tokenType": 1,
  },
  {
    "length": 9,
    "modifier": [],
    "offset": 1033,
    "tokenType": 3,
  },
  {
    "length": 17,
    "modifier": [],
    "offset": 1232,
    "tokenType": 2,
  },
  {
    "length": 8,
    "modifier": [],
    "offset": 1251,
    "tokenType": 0,
  },
  {
    "length": 9,
    "modifier": [],
    "offset": 1265,
    "tokenType": 3,
  },
  {
    "length": 8,
    "modifier": [],
    "offset": 1412,
    "tokenType": 0,
  },
  {
    "length": 8,
    "modifier": [],
    "offset": 1450,
    "tokenType": 0,
  },
]
`;
