// Vitest Snapshot v1, https://vitest.dev/guide/snapshot.html

exports[`highlights AO header 2`] = `
[
  {
    "length": 17,
    "modifier": [],
    "offset": 74,
    "tokenType": 2,
  },
  {
    "length": 8,
    "modifier": [],
    "offset": 93,
    "tokenType": 0,
  },
  {
    "length": 5,
    "modifier": [],
    "offset": 117,
    "tokenType": 1,
  },
  {
    "length": 28,
    "modifier": [],
    "offset": 125,
    "tokenType": 3,
  },
  {
    "length": 6,
    "modifier": [],
    "offset": 168,
    "tokenType": 1,
  },
  {
    "length": 28,
    "modifier": [],
    "offset": 177,
    "tokenType": 3,
  },
  {
    "length": 6,
    "modifier": [],
    "offset": 222,
    "tokenType": 1,
  },
  {
    "length": 28,
    "modifier": [],
    "offset": 231,
    "tokenType": 3,
  },
  {
    "length": 69,
    "modifier": [],
    "offset": 274,
    "tokenType": 3,
  },
  {
    "length": 8,
    "modifier": [],
    "offset": 477,
    "tokenType": 0,
  },
  {
    "length": 5,
    "modifier": [],
    "offset": 501,
    "tokenType": 1,
  },
  {
    "length": 28,
    "modifier": [],
    "offset": 509,
    "tokenType": 3,
  },
  {
    "length": 6,
    "modifier": [],
    "offset": 553,
    "tokenType": 1,
  },
  {
    "length": 28,
    "modifier": [],
    "offset": 563,
    "tokenType": 3,
  },
  {
    "length": 9,
    "modifier": [],
    "offset": 604,
    "tokenType": 3,
  },
  {
    "length": 8,
    "modifier": [],
    "offset": 747,
    "tokenType": 0,
  },
  {
    "length": 5,
    "modifier": [],
    "offset": 771,
    "tokenType": 1,
  },
  {
    "length": 6,
    "modifier": [],
    "offset": 794,
    "tokenType": 1,
  },
  {
    "length": 9,
    "modifier": [],
    "offset": 816,
    "tokenType": 3,
  },
  {
    "length": 17,
    "modifier": [],
    "offset": 959,
    "tokenType": 2,
  },
  {
    "length": 8,
    "modifier": [],
    "offset": 978,
    "tokenType": 0,
  },
  {
    "length": 9,
    "modifier": [],
    "offset": 992,
    "tokenType": 3,
  },
  {
    "length": 8,
    "modifier": [],
    "offset": 1091,
    "tokenType": 0,
  },
  {
    "length": 8,
    "modifier": [],
    "offset": 1121,
    "tokenType": 0,
  },
]
`;
